******************************************************************************
                  TI ARM Linker PC v18.1.3                     
******************************************************************************
>> Linked Wed Nov 28 18:50:49 2018

OUTPUT FILE NAME:   <mse352_project.out>
ENTRY POINT SYMBOL: "_c_int00_noargs"  address: 00000bb9


MEMORY CONFIGURATION

         name            origin    length      used     unused   attr    fill
----------------------  --------  ---------  --------  --------  ----  --------
  FLASH                 00000000   00040000  00000e88  0003f178  R  X
  SRAM                  20000000   00008000  00000220  00007de0  RW X


SEGMENT ALLOCATION MAP

run origin  load origin   length   init length attrs members
----------  ----------- ---------- ----------- ----- -------
00000000    00000000    00000e8c   00000e8c    r-x
  00000000    00000000    0000026c   0000026c    r-- .intvecs
  0000026c    0000026c    00000b0c   00000b0c    r-x .text
  00000d78    00000d78    000000fc   000000fc    r-- .const
  00000e78    00000e78    00000014   00000014    r-- .cinit
20000000    20000000    00000220   00000000    rw-
  20000000    20000000    00000200   00000000    rw- .stack
  20000200    20000200    00000020   00000000    rw- .bss


SECTION ALLOCATION MAP

 output                                  attributes/
section   page    origin      length       input sections
--------  ----  ----------  ----------   ----------------
.intvecs   0    00000000    0000026c     
                  00000000    0000026c     tm4c123gh6pm_startup_ccs.obj (.intvecs)

.text      0    0000026c    00000b0c     
                  0000026c    000003b0     main project.obj (.text)
                  0000061c    00000136     rtsv7M4_T_le_v4SPD16_eabi.lib : fd_div_t2.asm.obj (.text)
                  00000752    00000132     driverlib.lib : gpio.obj (.text:GPIOPadConfigSet)
                  00000884    00000110                   : sysctl.obj (.text:SysCtlClockGet)
                  00000994    000000f4                   : sysctl.obj (.text:SysCtlClockSet)
                  00000a88    00000060                   : timer.obj (.text:TimerConfigure)
                  00000ae8    00000048                   : gpio.obj (.text:GPIOPinConfigure)
                  00000b30    00000044     rtsv7M4_T_le_v4SPD16_eabi.lib : autoinit.c.obj (.text:__TI_auto_init_nobinit_nopinit:__TI_auto_init_nobinit_nopinit)
                  00000b74    00000044                                   : fd_tou_t2.asm.obj (.text)
                  00000bb8    00000038                                   : boot_cortex_m.c.obj (.text:_c_int00_noargs:_c_int00_noargs)
                  00000bf0    00000034     driverlib.lib : sysctl.obj (.text:SysCtlPeripheralEnable)
                  00000c24    0000002a                   : gpio.obj (.text:GPIODirModeSet)
                  00000c4e    00000022                   : pwm.obj (.text:PWMGenConfigure)
                  00000c70    00000020     rtsv7M4_T_le_v4SPD16_eabi.lib : u_tofd_t2.asm.obj (.text)
                  00000c90    0000001e     driverlib.lib : pwm.obj (.text:PWMPulseWidthSet)
                  00000cae    00000018                   : gpio.obj (.text:GPIOPinTypeGPIOOutput)
                  00000cc6    00000002     --HOLE-- [fill = 0]
                  00000cc8    00000014                   : sysctl.obj (.text:SysCtlPWMClockSet)
                  00000cdc    00000012                   : gpio.obj (.text:GPIOPinTypePWM)
                  00000cee    00000012                   : pwm.obj (.text:PWMOutputState)
                  00000d00    00000012                   : timer.obj (.text:TimerLoadSet)
                  00000d12    00000012     rtsv7M4_T_le_v4SPD16_eabi.lib : copy_zero_init.c.obj (.text:decompress:ZI:__TI_zero_init_nomemset:__TI_zero_init_nomemset)
                  00000d24    00000010     driverlib.lib : pwm.obj (.text:PWMGenPeriodSet)
                  00000d34    0000000e                   : timer.obj (.text:TimerEnable)
                  00000d42    0000000c                   : pwm.obj (.text:PWMGenEnable)
                  00000d4e    0000000c     tm4c123gh6pm_startup_ccs.obj (.text)
                  00000d5a    00000006     driverlib.lib : gpio.obj (.text:GPIOPinRead)
                  00000d60    00000006                   : gpio.obj (.text:GPIOPinWrite)
                  00000d66    00000006                   : sysctl.obj (.text:SysCtlDelay)
                  00000d6c    00000004                   : timer.obj (.text:TimerIntClear)
                  00000d70    00000004     rtsv7M4_T_le_v4SPD16_eabi.lib : pre_init.c.obj (.text:_system_pre_init)
                  00000d74    00000004                                   : exit.c.obj (.text:abort:abort)

.const     0    00000d78    000000fc     
                  00000d78    00000090     driverlib.lib : gpio.obj (.const:g_pui32GPIOBaseAddrs)
                  00000e08    0000006c                   : sysctl.obj (.const:g_pui32Xtals)

.cinit     0    00000e78    00000014     
                  00000e78    00000008     (.cinit..bss.load) [load image, compression = zero_init]
                  00000e80    00000004     (__TI_handler_table)
                  00000e84    00000008     (__TI_cinit_table)

.init_array 
*          0    00000000    00000000     UNINITIALIZED

.bss       0    20000200    00000020     UNINITIALIZED
                  20000200    00000008     (.common:duty_cycle)
                  20000208    00000004     (.common:count)
                  2000020c    00000004     (.common:result)
                  20000210    00000004     (.common:ui32Adjust)
                  20000214    00000004     (.common:ui32Load)
                  20000218    00000004     (.common:ui32PWMClock)
                  2000021c    00000004     (.common:ui32Period)

.stack     0    20000000    00000200     UNINITIALIZED
                  20000000    00000004     rtsv7M4_T_le_v4SPD16_eabi.lib : boot_cortex_m.c.obj (.stack)
                  20000004    000001fc     --HOLE--

MODULE SUMMARY

       Module                         code   ro data   rw data
       ------                         ----   -------   -------
    .\
       main project.obj               944    0         32     
       tm4c123gh6pm_startup_ccs.obj   12     620       0      
    +--+------------------------------+------+---------+---------+
       Total:                         956    620       32     
                                                              
    C:/Users/maith/OneDrive - sfu.ca/ti/TivaWare_C_Series-2.1.4.178/driverlib/ccs/Debug/driverlib.lib
       sysctl.obj                     594    108       0      
       gpio.obj                       474    144       0      
       timer.obj                      132    0         0      
       pwm.obj                        110    0         0      
    +--+------------------------------+------+---------+---------+
       Total:                         1310   252       0      
                                                              
    C:\ti\ccsv8\tools\compiler\ti-cgt-arm_18.1.3.LTS\lib\rtsv7M4_T_le_v4SPD16_eabi.lib
       fd_div_t2.asm.obj              310    0         0      
       autoinit.c.obj                 68     0         0      
       fd_tou_t2.asm.obj              68     0         0      
       boot_cortex_m.c.obj            56     0         0      
       u_tofd_t2.asm.obj              32     0         0      
       copy_zero_init.c.obj           18     0         0      
       exit.c.obj                     4      0         0      
       pre_init.c.obj                 4      0         0      
    +--+------------------------------+------+---------+---------+
       Total:                         560    0         0      
                                                              
       Stack:                         0      0         512    
       Linker Generated:              0      20        0      
    +--+------------------------------+------+---------+---------+
       Grand Total:                   2826   892       544    


LINKER GENERATED COPY TABLES

__TI_cinit_table @ 00000e84 records: 1, size/record: 8, table size: 8
	.bss: load addr=00000e78, load size=00000008 bytes, run addr=20000200, run size=00000020 bytes, compression=zero_init


LINKER GENERATED HANDLER TABLE

__TI_handler_table @ 00000e80 records: 1, size/record: 4, table size: 4
	index: 0, handler: __TI_zero_init


GLOBAL SYMBOLS: SORTED ALPHABETICALLY BY Name 

address   name                          
-------   ----                          
00000d75  C$$EXIT                       
00000c25  GPIODirModeSet                
00000753  GPIOPadConfigSet              
00000ae9  GPIOPinConfigure              
00000d5b  GPIOPinRead                   
00000caf  GPIOPinTypeGPIOOutput         
00000cdd  GPIOPinTypePWM                
00000d61  GPIOPinWrite                  
00000c4f  PWMGenConfigure               
00000d43  PWMGenEnable                  
00000d25  PWMGenPeriodSet               
00000cef  PWMOutputState                
00000c91  PWMPulseWidthSet              
00000d4f  ResetISR                      
00000885  SysCtlClockGet                
00000995  SysCtlClockSet                
00000d67  SysCtlDelay                   
00000cc9  SysCtlPWMClockSet             
00000bf1  SysCtlPeripheralEnable        
00000555  Timer3A_countCapture          
000004d7  Timer3A_countCapture_init     
00000a89  TimerConfigure                
00000d35  TimerEnable                   
00000d6d  TimerIntClear                 
00000d01  TimerLoadSet                  
20000200  __STACK_END                   
00000200  __STACK_SIZE                  
20000200  __STACK_TOP                   
00000e84  __TI_CINIT_Base               
00000e8c  __TI_CINIT_Limit              
00000e80  __TI_Handler_Table_Base       
00000e84  __TI_Handler_Table_Limit      
00000b31  __TI_auto_init_nobinit_nopinit
ffffffff  __TI_pprof_out_hndl           
ffffffff  __TI_prof_data_size           
ffffffff  __TI_prof_data_start          
00000000  __TI_static_base__            
00000d13  __TI_zero_init_nomemset       
00000b75  __aeabi_d2uiz                 
0000061d  __aeabi_ddiv                  
00000c71  __aeabi_ui2d                  
ffffffff  __binit__                     
ffffffff  __c_args__                    
UNDEFED   __mpu_init                    
20000000  __stack                       
00000bb9  _c_int00_noargs               
UNDEFED   _system_post_cinit            
00000d71  _system_pre_init              
00000d75  abort                         
ffffffff  binit                         
20000208  count                         
20000200  duty_cycle                    
00000000  g_pfnVectors                  
0000026d  main                          
2000020c  result                        
20000210  ui32Adjust                    
20000214  ui32Load                      
20000218  ui32PWMClock                  
2000021c  ui32Period                    


GLOBAL SYMBOLS: SORTED BY Symbol Address 

address   name                          
-------   ----                          
00000000  __TI_static_base__            
00000000  g_pfnVectors                  
00000200  __STACK_SIZE                  
0000026d  main                          
000004d7  Timer3A_countCapture_init     
00000555  Timer3A_countCapture          
0000061d  __aeabi_ddiv                  
00000753  GPIOPadConfigSet              
00000885  SysCtlClockGet                
00000995  SysCtlClockSet                
00000a89  TimerConfigure                
00000ae9  GPIOPinConfigure              
00000b31  __TI_auto_init_nobinit_nopinit
00000b75  __aeabi_d2uiz                 
00000bb9  _c_int00_noargs               
00000bf1  SysCtlPeripheralEnable        
00000c25  GPIODirModeSet                
00000c4f  PWMGenConfigure               
00000c71  __aeabi_ui2d                  
00000c91  PWMPulseWidthSet              
00000caf  GPIOPinTypeGPIOOutput         
00000cc9  SysCtlPWMClockSet             
00000cdd  GPIOPinTypePWM                
00000cef  PWMOutputState                
00000d01  TimerLoadSet                  
00000d13  __TI_zero_init_nomemset       
00000d25  PWMGenPeriodSet               
00000d35  TimerEnable                   
00000d43  PWMGenEnable                  
00000d4f  ResetISR                      
00000d5b  GPIOPinRead                   
00000d61  GPIOPinWrite                  
00000d67  SysCtlDelay                   
00000d6d  TimerIntClear                 
00000d71  _system_pre_init              
00000d75  C$$EXIT                       
00000d75  abort                         
00000e80  __TI_Handler_Table_Base       
00000e84  __TI_CINIT_Base               
00000e84  __TI_Handler_Table_Limit      
00000e8c  __TI_CINIT_Limit              
20000000  __stack                       
20000200  __STACK_END                   
20000200  __STACK_TOP                   
20000200  duty_cycle                    
20000208  count                         
2000020c  result                        
20000210  ui32Adjust                    
20000214  ui32Load                      
20000218  ui32PWMClock                  
2000021c  ui32Period                    
ffffffff  __TI_pprof_out_hndl           
ffffffff  __TI_prof_data_size           
ffffffff  __TI_prof_data_start          
ffffffff  __binit__                     
ffffffff  __c_args__                    
ffffffff  binit                         
UNDEFED   __mpu_init                    
UNDEFED   _system_post_cinit            

[59 symbols]
