******************************************************************************
                  TI ARM Linker PC v18.1.3                     
******************************************************************************
>> Linked Sat Nov 24 14:47:05 2018

OUTPUT FILE NAME:   <mse353_project.out>
ENTRY POINT SYMBOL: "_c_int00_noargs"  address: 000007b1


MEMORY CONFIGURATION

         name            origin    length      used     unused   attr    fill
----------------------  --------  ---------  --------  --------  ----  --------
  FLASH                 00000000   00040000  00000a1e  0003f5e2  R  X
  SRAM                  20000000   00008000  0000020c  00007df4  RW X


SEGMENT ALLOCATION MAP

run origin  load origin   length   init length attrs members
----------  ----------- ---------- ----------- ----- -------
00000000    00000000    00000a24   00000a24    r-x
  00000000    00000000    0000026c   0000026c    r-- .intvecs
  0000026c    0000026c    000006a2   000006a2    r-x .text
  00000910    00000910    000000fc   000000fc    r-- .const
  00000a10    00000a10    00000014   00000014    r-- .cinit
20000000    20000000    0000020c   00000000    rw-
  20000000    20000000    00000200   00000000    rw- .stack
  20000200    20000200    0000000c   00000000    rw- .bss


SECTION ALLOCATION MAP

 output                                  attributes/
section   page    origin      length       input sections
--------  ----  ----------  ----------   ----------------
.intvecs   0    00000000    0000026c     
                  00000000    0000026c     tm4c123gh6pm_startup_ccs.obj (.intvecs)

.text      0    0000026c    000006a2     
                  0000026c    00000180     main project.obj (.text)
                  000003ec    00000132     driverlib.lib : gpio.obj (.text:GPIOPadConfigSet)
                  0000051e    00000002     --HOLE-- [fill = 0]
                  00000520    00000110                   : sysctl.obj (.text:SysCtlClockGet)
                  00000630    000000f4                   : sysctl.obj (.text:SysCtlClockSet)
                  00000724    00000048                   : gpio.obj (.text:GPIOPinConfigure)
                  0000076c    00000044     rtsv7M4_T_le_v4SPD16_eabi.lib : autoinit.c.obj (.text:__TI_auto_init_nobinit_nopinit:__TI_auto_init_nobinit_nopinit)
                  000007b0    00000038                                   : boot_cortex_m.c.obj (.text:_c_int00_noargs:_c_int00_noargs)
                  000007e8    00000034     driverlib.lib : sysctl.obj (.text:SysCtlPeripheralEnable)
                  0000081c    0000002a                   : gpio.obj (.text:GPIODirModeSet)
                  00000846    00000022                   : pwm.obj (.text:PWMGenConfigure)
                  00000868    0000001e                   : pwm.obj (.text:PWMPulseWidthSet)
                  00000886    00000002     --HOLE-- [fill = 0]
                  00000888    00000014                   : sysctl.obj (.text:SysCtlPWMClockSet)
                  0000089c    00000012                   : gpio.obj (.text:GPIOPinTypePWM)
                  000008ae    00000012                   : pwm.obj (.text:PWMOutputState)
                  000008c0    00000012     rtsv7M4_T_le_v4SPD16_eabi.lib : copy_zero_init.c.obj (.text:decompress:ZI:__TI_zero_init_nomemset:__TI_zero_init_nomemset)
                  000008d2    00000010     driverlib.lib : pwm.obj (.text:PWMGenPeriodSet)
                  000008e2    0000000c                   : pwm.obj (.text:PWMGenEnable)
                  000008ee    0000000c     tm4c123gh6pm_startup_ccs.obj (.text)
                  000008fa    00000006     driverlib.lib : gpio.obj (.text:GPIOPinRead)
                  00000900    00000006                   : sysctl.obj (.text:SysCtlDelay)
                  00000906    00000004     rtsv7M4_T_le_v4SPD16_eabi.lib : pre_init.c.obj (.text:_system_pre_init)
                  0000090a    00000004                                   : exit.c.obj (.text:abort:abort)

.const     0    00000910    000000fc     
                  00000910    00000090     driverlib.lib : gpio.obj (.const:g_pui32GPIOBaseAddrs)
                  000009a0    0000006c                   : sysctl.obj (.const:g_pui32Xtals)

.cinit     0    00000a10    00000014     
                  00000a10    00000008     (.cinit..bss.load) [load image, compression = zero_init]
                  00000a18    00000004     (__TI_handler_table)
                  00000a1c    00000008     (__TI_cinit_table)

.init_array 
*          0    00000000    00000000     UNINITIALIZED

.bss       0    20000200    0000000c     UNINITIALIZED
                  20000200    00000004     (.common:ui32Adjust)
                  20000204    00000004     (.common:ui32Load)
                  20000208    00000004     (.common:ui32PWMClock)

.stack     0    20000000    00000200     UNINITIALIZED
                  20000000    00000004     rtsv7M4_T_le_v4SPD16_eabi.lib : boot_cortex_m.c.obj (.stack)
                  20000004    000001fc     --HOLE--

MODULE SUMMARY

       Module                         code   ro data   rw data
       ------                         ----   -------   -------
    .\
       tm4c123gh6pm_startup_ccs.obj   12     620       0      
       main project.obj               384    0         12     
    +--+------------------------------+------+---------+---------+
       Total:                         396    620       12     
                                                              
    C:/Users/maith/OneDrive - sfu.ca/ti/TivaWare_C_Series-2.1.4.178/driverlib/ccs/Debug/driverlib.lib
       sysctl.obj                     594    108       0      
       gpio.obj                       444    144       0      
       pwm.obj                        110    0         0      
    +--+------------------------------+------+---------+---------+
       Total:                         1148   252       0      
                                                              
    C:\ti\ccsv8\tools\compiler\ti-cgt-arm_18.1.3.LTS\lib\rtsv7M4_T_le_v4SPD16_eabi.lib
       autoinit.c.obj                 68     0         0      
       boot_cortex_m.c.obj            56     0         0      
       copy_zero_init.c.obj           18     0         0      
       exit.c.obj                     4      0         0      
       pre_init.c.obj                 4      0         0      
    +--+------------------------------+------+---------+---------+
       Total:                         150    0         0      
                                                              
       Stack:                         0      0         512    
       Linker Generated:              0      20        0      
    +--+------------------------------+------+---------+---------+
       Grand Total:                   1694   892       524    


LINKER GENERATED COPY TABLES

__TI_cinit_table @ 00000a1c records: 1, size/record: 8, table size: 8
	.bss: load addr=00000a10, load size=00000008 bytes, run addr=20000200, run size=0000000c bytes, compression=zero_init


LINKER GENERATED HANDLER TABLE

__TI_handler_table @ 00000a18 records: 1, size/record: 4, table size: 4
	index: 0, handler: __TI_zero_init


GLOBAL SYMBOLS: SORTED ALPHABETICALLY BY Name 

address   name                          
-------   ----                          
0000090b  C$$EXIT                       
0000081d  GPIODirModeSet                
000003ed  GPIOPadConfigSet              
00000725  GPIOPinConfigure              
000008fb  GPIOPinRead                   
0000089d  GPIOPinTypePWM                
00000847  PWMGenConfigure               
000008e3  PWMGenEnable                  
000008d3  PWMGenPeriodSet               
000008af  PWMOutputState                
00000869  PWMPulseWidthSet              
000008ef  ResetISR                      
00000521  SysCtlClockGet                
00000631  SysCtlClockSet                
00000901  SysCtlDelay                   
00000889  SysCtlPWMClockSet             
000007e9  SysCtlPeripheralEnable        
20000200  __STACK_END                   
00000200  __STACK_SIZE                  
20000200  __STACK_TOP                   
00000a1c  __TI_CINIT_Base               
00000a24  __TI_CINIT_Limit              
00000a18  __TI_Handler_Table_Base       
00000a1c  __TI_Handler_Table_Limit      
0000076d  __TI_auto_init_nobinit_nopinit
ffffffff  __TI_pprof_out_hndl           
ffffffff  __TI_prof_data_size           
ffffffff  __TI_prof_data_start          
00000000  __TI_static_base__            
000008c1  __TI_zero_init_nomemset       
ffffffff  __binit__                     
ffffffff  __c_args__                    
UNDEFED   __mpu_init                    
20000000  __stack                       
000007b1  _c_int00_noargs               
UNDEFED   _system_post_cinit            
00000907  _system_pre_init              
0000090b  abort                         
ffffffff  binit                         
00000000  g_pfnVectors                  
0000026d  main                          
20000200  ui32Adjust                    
20000204  ui32Load                      
20000208  ui32PWMClock                  


GLOBAL SYMBOLS: SORTED BY Symbol Address 

address   name                          
-------   ----                          
00000000  __TI_static_base__            
00000000  g_pfnVectors                  
00000200  __STACK_SIZE                  
0000026d  main                          
000003ed  GPIOPadConfigSet              
00000521  SysCtlClockGet                
00000631  SysCtlClockSet                
00000725  GPIOPinConfigure              
0000076d  __TI_auto_init_nobinit_nopinit
000007b1  _c_int00_noargs               
000007e9  SysCtlPeripheralEnable        
0000081d  GPIODirModeSet                
00000847  PWMGenConfigure               
00000869  PWMPulseWidthSet              
00000889  SysCtlPWMClockSet             
0000089d  GPIOPinTypePWM                
000008af  PWMOutputState                
000008c1  __TI_zero_init_nomemset       
000008d3  PWMGenPeriodSet               
000008e3  PWMGenEnable                  
000008ef  ResetISR                      
000008fb  GPIOPinRead                   
00000901  SysCtlDelay                   
00000907  _system_pre_init              
0000090b  C$$EXIT                       
0000090b  abort                         
00000a18  __TI_Handler_Table_Base       
00000a1c  __TI_CINIT_Base               
00000a1c  __TI_Handler_Table_Limit      
00000a24  __TI_CINIT_Limit              
20000000  __stack                       
20000200  __STACK_END                   
20000200  __STACK_TOP                   
20000200  ui32Adjust                    
20000204  ui32Load                      
20000208  ui32PWMClock                  
ffffffff  __TI_pprof_out_hndl           
ffffffff  __TI_prof_data_size           
ffffffff  __TI_prof_data_start          
ffffffff  __binit__                     
ffffffff  __c_args__                    
ffffffff  binit                         
UNDEFED   __mpu_init                    
UNDEFED   _system_post_cinit            

[44 symbols]
